../Drivers/CMSIS/Include/core_cm3.h:1600:22:__NVIC_ClearPendingIRQ	16	static
../Core/Src/main.c:21:5:main	8	static,ignoring_inline_asm
../Core/Src/main.c:46:6:SystemClock_Config	72	static
../Core/Src/main.c:79:13:MX_TIM2_Init	64	static
../Core/Src/main.c:133:13:MX_GPIO_Init	32	static
../Core/Src/main.c:157:6:EXTI_Clear_Pending	16	static
../Core/Src/main.c:161:6:Tim_Base_Start	16	static
../Core/Src/main.c:166:6:Tim_Base_Stop	16	static
../Core/Src/main.c:172:6:HAL_GPIO_EXTI_Callback	16	static
../Core/Src/main.c:216:6:HAL_TIM_PeriodElapsedCallback	16	static
../Core/Src/main.c:227:6:EXTI_LINE_SWI	16	static
../Core/Src/main.c:232:6:Error_Handler	4	static,ignoring_inline_asm
